# Create a graph named empty
created graph empty

# Output all of the nodes in this empty graph
empty contains: